// Jest Snapshot v1, https://goo.gl/fbAQLP

exports[`tests for <Avatar /> should match SnapShot 1`] = `
ShallowWrapper {
  "length": 1,
  Symbol(enzyme.__root__): [Circular],
  Symbol(enzyme.__unrendered__): <Avatar
    alt=""
    backgroundColor=""
    className={null}
    color=""
    failureBadge={false}
    hideDefaultTooltip={false}
    icon={null}
    isOverview={false}
    size="medium"
    src={null}
    title={null}
    type=""
  />,
  Symbol(enzyme.__renderer__): Object {
    "batchedUpdates": [Function],
    "getNode": [Function],
    "render": [Function],
    "simulateEvent": [Function],
    "unmount": [Function],
  },
  Symbol(enzyme.__node__): Object {
    "instance": null,
    "key": undefined,
    "nodeType": "host",
    "props": Object {
      "children": Array [
        undefined,
        false,
        false,
      ],
      "className": "cui-avatar cui-avatar--medium",
      "title": null,
    },
    "ref": null,
    "rendered": Array [
      undefined,
      false,
      false,
    ],
    "type": "div",
  },
  Symbol(enzyme.__nodes__): Array [
    Object {
      "instance": null,
      "key": undefined,
      "nodeType": "host",
      "props": Object {
        "children": Array [
          undefined,
          false,
          false,
        ],
        "className": "cui-avatar cui-avatar--medium",
        "title": null,
      },
      "ref": null,
      "rendered": Array [
        undefined,
        false,
        false,
      ],
      "type": "div",
    },
  ],
  Symbol(enzyme.__options__): Object {
    "adapter": ReactFifteenAdapter {
      "options": Object {
        "supportPrevContextArgumentOfComponentDidUpdate": true,
      },
    },
  },
}
`;
