// Jest Snapshot v1, https://goo.gl/fbAQLP

exports[`<Topbar /> should render a Topbar 1`] = `
ShallowWrapper {
  "length": 1,
  Symbol(enzyme.__root__): [Circular],
  Symbol(enzyme.__unrendered__): <Topbar
    anchor={null}
    brandAnchorElement={null}
    className=""
    color="dark"
    fixed={false}
    icon="icon-cisco-logo"
    image={null}
    title=""
  />,
  Symbol(enzyme.__renderer__): Object {
    "batchedUpdates": [Function],
    "getNode": [Function],
    "render": [Function],
    "simulateEvent": [Function],
    "unmount": [Function],
  },
  Symbol(enzyme.__node__): Object {
    "instance": null,
    "key": undefined,
    "nodeType": "host",
    "props": Object {
      "children": <div
        className="cui-top-bar__container row"
      >
        <div
          className="cui-top-bar__brand"
        >
          <a
            className="cui-brand"
            href={null}
          >
            <div
              className="cui-brand__logo"
            >
              <i
                className="icon icon-cisco-logo"
              />
            </div>
            <div
              className="cui-brand__title"
            >
              
            </div>
          </a>
        </div>
      </div>,
      "className": "cui-top-bar cui-top-bar--dark",
      "role": "navigation",
    },
    "ref": [Function],
    "rendered": Object {
      "instance": null,
      "key": undefined,
      "nodeType": "host",
      "props": Object {
        "children": Array [
          <div
            className="cui-top-bar__brand"
          >
            <a
              className="cui-brand"
              href={null}
            >
              <div
                className="cui-brand__logo"
              >
                <i
                  className="icon icon-cisco-logo"
                />
              </div>
              <div
                className="cui-brand__title"
              >
                
              </div>
            </a>
          </div>,
          null,
        ],
        "className": "cui-top-bar__container row",
      },
      "ref": null,
      "rendered": Array [
        Object {
          "instance": null,
          "key": undefined,
          "nodeType": "host",
          "props": Object {
            "children": <a
              className="cui-brand"
              href={null}
            >
              <div
                className="cui-brand__logo"
              >
                <i
                  className="icon icon-cisco-logo"
                />
              </div>
              <div
                className="cui-brand__title"
              >
                
              </div>
            </a>,
            "className": "cui-top-bar__brand",
          },
          "ref": null,
          "rendered": Object {
            "instance": null,
            "key": undefined,
            "nodeType": "host",
            "props": Object {
              "children": Array [
                <div
                  className="cui-brand__logo"
                >
                  <i
                    className="icon icon-cisco-logo"
                  />
                </div>,
                <div
                  className="cui-brand__title"
                >
                  
                </div>,
              ],
              "className": "cui-brand",
              "href": null,
            },
            "ref": null,
            "rendered": Array [
              Object {
                "instance": null,
                "key": "cui-brand__logo",
                "nodeType": "host",
                "props": Object {
                  "children": <i
                    className="icon icon-cisco-logo"
                  />,
                  "className": "cui-brand__logo",
                },
                "ref": null,
                "rendered": Object {
                  "instance": null,
                  "key": undefined,
                  "nodeType": "host",
                  "props": Object {
                    "className": "icon icon-cisco-logo",
                  },
                  "ref": null,
                  "rendered": null,
                  "type": "i",
                },
                "type": "div",
              },
              Object {
                "instance": null,
                "key": "cui-brand__title",
                "nodeType": "host",
                "props": Object {
                  "children": "",
                  "className": "cui-brand__title",
                },
                "ref": null,
                "rendered": "",
                "type": "div",
              },
            ],
            "type": "a",
          },
          "type": "div",
        },
        null,
      ],
      "type": "div",
    },
    "type": "div",
  },
  Symbol(enzyme.__nodes__): Array [
    Object {
      "instance": null,
      "key": undefined,
      "nodeType": "host",
      "props": Object {
        "children": <div
          className="cui-top-bar__container row"
        >
          <div
            className="cui-top-bar__brand"
          >
            <a
              className="cui-brand"
              href={null}
            >
              <div
                className="cui-brand__logo"
              >
                <i
                  className="icon icon-cisco-logo"
                />
              </div>
              <div
                className="cui-brand__title"
              >
                
              </div>
            </a>
          </div>
        </div>,
        "className": "cui-top-bar cui-top-bar--dark",
        "role": "navigation",
      },
      "ref": [Function],
      "rendered": Object {
        "instance": null,
        "key": undefined,
        "nodeType": "host",
        "props": Object {
          "children": Array [
            <div
              className="cui-top-bar__brand"
            >
              <a
                className="cui-brand"
                href={null}
              >
                <div
                  className="cui-brand__logo"
                >
                  <i
                    className="icon icon-cisco-logo"
                  />
                </div>
                <div
                  className="cui-brand__title"
                >
                  
                </div>
              </a>
            </div>,
            null,
          ],
          "className": "cui-top-bar__container row",
        },
        "ref": null,
        "rendered": Array [
          Object {
            "instance": null,
            "key": undefined,
            "nodeType": "host",
            "props": Object {
              "children": <a
                className="cui-brand"
                href={null}
              >
                <div
                  className="cui-brand__logo"
                >
                  <i
                    className="icon icon-cisco-logo"
                  />
                </div>
                <div
                  className="cui-brand__title"
                >
                  
                </div>
              </a>,
              "className": "cui-top-bar__brand",
            },
            "ref": null,
            "rendered": Object {
              "instance": null,
              "key": undefined,
              "nodeType": "host",
              "props": Object {
                "children": Array [
                  <div
                    className="cui-brand__logo"
                  >
                    <i
                      className="icon icon-cisco-logo"
                    />
                  </div>,
                  <div
                    className="cui-brand__title"
                  >
                    
                  </div>,
                ],
                "className": "cui-brand",
                "href": null,
              },
              "ref": null,
              "rendered": Array [
                Object {
                  "instance": null,
                  "key": "cui-brand__logo",
                  "nodeType": "host",
                  "props": Object {
                    "children": <i
                      className="icon icon-cisco-logo"
                    />,
                    "className": "cui-brand__logo",
                  },
                  "ref": null,
                  "rendered": Object {
                    "instance": null,
                    "key": undefined,
                    "nodeType": "host",
                    "props": Object {
                      "className": "icon icon-cisco-logo",
                    },
                    "ref": null,
                    "rendered": null,
                    "type": "i",
                  },
                  "type": "div",
                },
                Object {
                  "instance": null,
                  "key": "cui-brand__title",
                  "nodeType": "host",
                  "props": Object {
                    "children": "",
                    "className": "cui-brand__title",
                  },
                  "ref": null,
                  "rendered": "",
                  "type": "div",
                },
              ],
              "type": "a",
            },
            "type": "div",
          },
          null,
        ],
        "type": "div",
      },
      "type": "div",
    },
  ],
  Symbol(enzyme.__options__): Object {
    "adapter": ReactFifteenAdapter {
      "options": Object {
        "supportPrevContextArgumentOfComponentDidUpdate": true,
      },
    },
  },
}
`;
