// Jest Snapshot v1, https://goo.gl/fbAQLP

exports[`tests for <Input /> should match clear SnapShot 1`] = `
ShallowWrapper {
  "length": 1,
  Symbol(enzyme.__root__): [Circular],
  Symbol(enzyme.__unrendered__): <Input
    className=""
    clear={true}
    clearAriaLabel={null}
    defaultValue=""
    disabled={false}
    errorArr={Array []}
    htmlId="1"
    inputClassName=""
    inputHelpText=""
    inputRef={null}
    inputSize=""
    label="test"
    name="test"
    nestedLevel={0}
    onChange={null}
    onDoneEditing={null}
    onFocus={null}
    onKeyDown={null}
    onMouseDown={null}
    placeholder=""
    readOnly={false}
    secondaryLabel=""
    theme=""
    type="text"
    value=""
  >
    
  </Input>,
  Symbol(enzyme.__renderer__): Object {
    "batchedUpdates": [Function],
    "getNode": [Function],
    "render": [Function],
    "simulateEvent": [Function],
    "unmount": [Function],
  },
  Symbol(enzyme.__node__): Object {
    "instance": null,
    "key": undefined,
    "nodeType": "host",
    "props": Object {
      "children": Array [
        <Label
          className="cui-label"
          htmlFor="1"
          label="test"
          theme=""
        />,
        <div
          className="cui-input__icon-container"
        >
          <input
            className="cui-input"
            disabled={false}
            id="1"
            name="test"
            onBlur={[Function]}
            onChange={[Function]}
            onFocus={[Function]}
            onKeyDown={[Function]}
            onMouseDown={[Function]}
            placeholder=""
            readOnly={false}
            tabIndex={0}
            type="text"
            value=""
          />
          
          
        </div>,
        "",
        Array [],
      ],
      "className": "cui-input-group ",
    },
    "ref": null,
    "rendered": Array [
      Object {
        "instance": null,
        "key": undefined,
        "nodeType": "function",
        "props": Object {
          "className": "cui-label",
          "htmlFor": "1",
          "label": "test",
          "theme": "",
        },
        "ref": null,
        "rendered": null,
        "type": [Function],
      },
      Object {
        "instance": null,
        "key": undefined,
        "nodeType": "host",
        "props": Object {
          "children": Array [
            <input
              className="cui-input"
              disabled={false}
              id="1"
              name="test"
              onBlur={[Function]}
              onChange={[Function]}
              onFocus={[Function]}
              onKeyDown={[Function]}
              onMouseDown={[Function]}
              placeholder=""
              readOnly={false}
              tabIndex={0}
              type="text"
              value=""
            />,
            "",
            "",
          ],
          "className": "cui-input__icon-container",
        },
        "ref": null,
        "rendered": Array [
          Object {
            "instance": null,
            "key": undefined,
            "nodeType": "host",
            "props": Object {
              "className": "cui-input",
              "disabled": false,
              "id": "1",
              "name": "test",
              "onBlur": [Function],
              "onChange": [Function],
              "onFocus": [Function],
              "onKeyDown": [Function],
              "onMouseDown": [Function],
              "placeholder": "",
              "readOnly": false,
              "tabIndex": 0,
              "type": "text",
              "value": "",
            },
            "ref": [Function],
            "rendered": null,
            "type": "input",
          },
          "",
          "",
        ],
        "type": "div",
      },
      "",
    ],
    "type": "div",
  },
  Symbol(enzyme.__nodes__): Array [
    Object {
      "instance": null,
      "key": undefined,
      "nodeType": "host",
      "props": Object {
        "children": Array [
          <Label
            className="cui-label"
            htmlFor="1"
            label="test"
            theme=""
          />,
          <div
            className="cui-input__icon-container"
          >
            <input
              className="cui-input"
              disabled={false}
              id="1"
              name="test"
              onBlur={[Function]}
              onChange={[Function]}
              onFocus={[Function]}
              onKeyDown={[Function]}
              onMouseDown={[Function]}
              placeholder=""
              readOnly={false}
              tabIndex={0}
              type="text"
              value=""
            />
            
            
          </div>,
          "",
          Array [],
        ],
        "className": "cui-input-group ",
      },
      "ref": null,
      "rendered": Array [
        Object {
          "instance": null,
          "key": undefined,
          "nodeType": "function",
          "props": Object {
            "className": "cui-label",
            "htmlFor": "1",
            "label": "test",
            "theme": "",
          },
          "ref": null,
          "rendered": null,
          "type": [Function],
        },
        Object {
          "instance": null,
          "key": undefined,
          "nodeType": "host",
          "props": Object {
            "children": Array [
              <input
                className="cui-input"
                disabled={false}
                id="1"
                name="test"
                onBlur={[Function]}
                onChange={[Function]}
                onFocus={[Function]}
                onKeyDown={[Function]}
                onMouseDown={[Function]}
                placeholder=""
                readOnly={false}
                tabIndex={0}
                type="text"
                value=""
              />,
              "",
              "",
            ],
            "className": "cui-input__icon-container",
          },
          "ref": null,
          "rendered": Array [
            Object {
              "instance": null,
              "key": undefined,
              "nodeType": "host",
              "props": Object {
                "className": "cui-input",
                "disabled": false,
                "id": "1",
                "name": "test",
                "onBlur": [Function],
                "onChange": [Function],
                "onFocus": [Function],
                "onKeyDown": [Function],
                "onMouseDown": [Function],
                "placeholder": "",
                "readOnly": false,
                "tabIndex": 0,
                "type": "text",
                "value": "",
              },
              "ref": [Function],
              "rendered": null,
              "type": "input",
            },
            "",
            "",
          ],
          "type": "div",
        },
        "",
      ],
      "type": "div",
    },
  ],
  Symbol(enzyme.__options__): Object {
    "adapter": ReactFifteenAdapter {
      "options": Object {
        "lifecycles": Object {
          "componentDidUpdate": Object {
            "prevContext": true,
          },
        },
        "supportPrevContextArgumentOfComponentDidUpdate": true,
      },
    },
  },
}
`;

exports[`tests for <Input /> should match number SnapShot 1`] = `
ShallowWrapper {
  "length": 1,
  Symbol(enzyme.__root__): [Circular],
  Symbol(enzyme.__unrendered__): <Input
    className=""
    clear={false}
    clearAriaLabel={null}
    defaultValue=""
    disabled={false}
    errorArr={Array []}
    htmlId="1"
    inputClassName=""
    inputHelpText=""
    inputRef={null}
    inputSize=""
    label="test"
    name="test"
    nestedLevel={0}
    onChange={null}
    onDoneEditing={null}
    onFocus={null}
    onKeyDown={null}
    onMouseDown={null}
    placeholder=""
    readOnly={false}
    secondaryLabel=""
    theme=""
    type="number"
    value=""
  >
    
  </Input>,
  Symbol(enzyme.__renderer__): Object {
    "batchedUpdates": [Function],
    "getNode": [Function],
    "render": [Function],
    "simulateEvent": [Function],
    "unmount": [Function],
  },
  Symbol(enzyme.__node__): Object {
    "instance": null,
    "key": undefined,
    "nodeType": "host",
    "props": Object {
      "children": Array [
        <Label
          className="cui-label"
          htmlFor="1"
          label="test"
          theme=""
        />,
        <input
          className="cui-input"
          disabled={false}
          id="1"
          name="test"
          onBlur={[Function]}
          onChange={[Function]}
          onFocus={[Function]}
          onKeyDown={[Function]}
          onMouseDown={[Function]}
          placeholder=""
          readOnly={false}
          tabIndex={0}
          type="number"
          value=""
        />,
        "",
        Array [],
      ],
      "className": "cui-input-group ",
    },
    "ref": null,
    "rendered": Array [
      Object {
        "instance": null,
        "key": undefined,
        "nodeType": "function",
        "props": Object {
          "className": "cui-label",
          "htmlFor": "1",
          "label": "test",
          "theme": "",
        },
        "ref": null,
        "rendered": null,
        "type": [Function],
      },
      Object {
        "instance": null,
        "key": undefined,
        "nodeType": "host",
        "props": Object {
          "className": "cui-input",
          "disabled": false,
          "id": "1",
          "name": "test",
          "onBlur": [Function],
          "onChange": [Function],
          "onFocus": [Function],
          "onKeyDown": [Function],
          "onMouseDown": [Function],
          "placeholder": "",
          "readOnly": false,
          "tabIndex": 0,
          "type": "number",
          "value": "",
        },
        "ref": [Function],
        "rendered": null,
        "type": "input",
      },
      "",
    ],
    "type": "div",
  },
  Symbol(enzyme.__nodes__): Array [
    Object {
      "instance": null,
      "key": undefined,
      "nodeType": "host",
      "props": Object {
        "children": Array [
          <Label
            className="cui-label"
            htmlFor="1"
            label="test"
            theme=""
          />,
          <input
            className="cui-input"
            disabled={false}
            id="1"
            name="test"
            onBlur={[Function]}
            onChange={[Function]}
            onFocus={[Function]}
            onKeyDown={[Function]}
            onMouseDown={[Function]}
            placeholder=""
            readOnly={false}
            tabIndex={0}
            type="number"
            value=""
          />,
          "",
          Array [],
        ],
        "className": "cui-input-group ",
      },
      "ref": null,
      "rendered": Array [
        Object {
          "instance": null,
          "key": undefined,
          "nodeType": "function",
          "props": Object {
            "className": "cui-label",
            "htmlFor": "1",
            "label": "test",
            "theme": "",
          },
          "ref": null,
          "rendered": null,
          "type": [Function],
        },
        Object {
          "instance": null,
          "key": undefined,
          "nodeType": "host",
          "props": Object {
            "className": "cui-input",
            "disabled": false,
            "id": "1",
            "name": "test",
            "onBlur": [Function],
            "onChange": [Function],
            "onFocus": [Function],
            "onKeyDown": [Function],
            "onMouseDown": [Function],
            "placeholder": "",
            "readOnly": false,
            "tabIndex": 0,
            "type": "number",
            "value": "",
          },
          "ref": [Function],
          "rendered": null,
          "type": "input",
        },
        "",
      ],
      "type": "div",
    },
  ],
  Symbol(enzyme.__options__): Object {
    "adapter": ReactFifteenAdapter {
      "options": Object {
        "lifecycles": Object {
          "componentDidUpdate": Object {
            "prevContext": true,
          },
        },
        "supportPrevContextArgumentOfComponentDidUpdate": true,
      },
    },
  },
}
`;

exports[`tests for <Input /> should match password SnapShot 1`] = `
ShallowWrapper {
  "length": 1,
  Symbol(enzyme.__root__): [Circular],
  Symbol(enzyme.__unrendered__): <Input
    className=""
    clear={false}
    clearAriaLabel={null}
    defaultValue=""
    disabled={false}
    errorArr={Array []}
    htmlId="1"
    inputClassName=""
    inputHelpText=""
    inputRef={null}
    inputSize=""
    label="test"
    name="test"
    nestedLevel={0}
    onChange={null}
    onDoneEditing={null}
    onFocus={null}
    onKeyDown={null}
    onMouseDown={null}
    placeholder=""
    readOnly={false}
    secondaryLabel=""
    theme=""
    type="password"
    value=""
  >
    
  </Input>,
  Symbol(enzyme.__renderer__): Object {
    "batchedUpdates": [Function],
    "getNode": [Function],
    "render": [Function],
    "simulateEvent": [Function],
    "unmount": [Function],
  },
  Symbol(enzyme.__node__): Object {
    "instance": null,
    "key": undefined,
    "nodeType": "host",
    "props": Object {
      "children": Array [
        <Label
          className="cui-label"
          htmlFor="1"
          label="test"
          theme=""
        />,
        <input
          className="cui-input"
          disabled={false}
          id="1"
          name="test"
          onBlur={[Function]}
          onChange={[Function]}
          onFocus={[Function]}
          onKeyDown={[Function]}
          onMouseDown={[Function]}
          placeholder=""
          readOnly={false}
          tabIndex={0}
          type="password"
          value=""
        />,
        "",
        Array [],
      ],
      "className": "cui-input-group ",
    },
    "ref": null,
    "rendered": Array [
      Object {
        "instance": null,
        "key": undefined,
        "nodeType": "function",
        "props": Object {
          "className": "cui-label",
          "htmlFor": "1",
          "label": "test",
          "theme": "",
        },
        "ref": null,
        "rendered": null,
        "type": [Function],
      },
      Object {
        "instance": null,
        "key": undefined,
        "nodeType": "host",
        "props": Object {
          "className": "cui-input",
          "disabled": false,
          "id": "1",
          "name": "test",
          "onBlur": [Function],
          "onChange": [Function],
          "onFocus": [Function],
          "onKeyDown": [Function],
          "onMouseDown": [Function],
          "placeholder": "",
          "readOnly": false,
          "tabIndex": 0,
          "type": "password",
          "value": "",
        },
        "ref": [Function],
        "rendered": null,
        "type": "input",
      },
      "",
    ],
    "type": "div",
  },
  Symbol(enzyme.__nodes__): Array [
    Object {
      "instance": null,
      "key": undefined,
      "nodeType": "host",
      "props": Object {
        "children": Array [
          <Label
            className="cui-label"
            htmlFor="1"
            label="test"
            theme=""
          />,
          <input
            className="cui-input"
            disabled={false}
            id="1"
            name="test"
            onBlur={[Function]}
            onChange={[Function]}
            onFocus={[Function]}
            onKeyDown={[Function]}
            onMouseDown={[Function]}
            placeholder=""
            readOnly={false}
            tabIndex={0}
            type="password"
            value=""
          />,
          "",
          Array [],
        ],
        "className": "cui-input-group ",
      },
      "ref": null,
      "rendered": Array [
        Object {
          "instance": null,
          "key": undefined,
          "nodeType": "function",
          "props": Object {
            "className": "cui-label",
            "htmlFor": "1",
            "label": "test",
            "theme": "",
          },
          "ref": null,
          "rendered": null,
          "type": [Function],
        },
        Object {
          "instance": null,
          "key": undefined,
          "nodeType": "host",
          "props": Object {
            "className": "cui-input",
            "disabled": false,
            "id": "1",
            "name": "test",
            "onBlur": [Function],
            "onChange": [Function],
            "onFocus": [Function],
            "onKeyDown": [Function],
            "onMouseDown": [Function],
            "placeholder": "",
            "readOnly": false,
            "tabIndex": 0,
            "type": "password",
            "value": "",
          },
          "ref": [Function],
          "rendered": null,
          "type": "input",
        },
        "",
      ],
      "type": "div",
    },
  ],
  Symbol(enzyme.__options__): Object {
    "adapter": ReactFifteenAdapter {
      "options": Object {
        "lifecycles": Object {
          "componentDidUpdate": Object {
            "prevContext": true,
          },
        },
        "supportPrevContextArgumentOfComponentDidUpdate": true,
      },
    },
  },
}
`;

exports[`tests for <Input /> should match text SnapShot 1`] = `
ShallowWrapper {
  "length": 1,
  Symbol(enzyme.__root__): [Circular],
  Symbol(enzyme.__unrendered__): <Input
    className=""
    clear={false}
    clearAriaLabel={null}
    defaultValue=""
    disabled={false}
    errorArr={Array []}
    htmlId="1"
    inputClassName=""
    inputHelpText=""
    inputRef={null}
    inputSize=""
    label="test"
    name="test"
    nestedLevel={0}
    onChange={null}
    onDoneEditing={null}
    onFocus={null}
    onKeyDown={null}
    onMouseDown={null}
    placeholder=""
    readOnly={false}
    secondaryLabel=""
    theme=""
    type="text"
    value=""
  >
    
  </Input>,
  Symbol(enzyme.__renderer__): Object {
    "batchedUpdates": [Function],
    "getNode": [Function],
    "render": [Function],
    "simulateEvent": [Function],
    "unmount": [Function],
  },
  Symbol(enzyme.__node__): Object {
    "instance": null,
    "key": undefined,
    "nodeType": "host",
    "props": Object {
      "children": Array [
        <Label
          className="cui-label"
          htmlFor="1"
          label="test"
          theme=""
        />,
        <input
          className="cui-input"
          disabled={false}
          id="1"
          name="test"
          onBlur={[Function]}
          onChange={[Function]}
          onFocus={[Function]}
          onKeyDown={[Function]}
          onMouseDown={[Function]}
          placeholder=""
          readOnly={false}
          tabIndex={0}
          type="text"
          value=""
        />,
        "",
        Array [],
      ],
      "className": "cui-input-group ",
    },
    "ref": null,
    "rendered": Array [
      Object {
        "instance": null,
        "key": undefined,
        "nodeType": "function",
        "props": Object {
          "className": "cui-label",
          "htmlFor": "1",
          "label": "test",
          "theme": "",
        },
        "ref": null,
        "rendered": null,
        "type": [Function],
      },
      Object {
        "instance": null,
        "key": undefined,
        "nodeType": "host",
        "props": Object {
          "className": "cui-input",
          "disabled": false,
          "id": "1",
          "name": "test",
          "onBlur": [Function],
          "onChange": [Function],
          "onFocus": [Function],
          "onKeyDown": [Function],
          "onMouseDown": [Function],
          "placeholder": "",
          "readOnly": false,
          "tabIndex": 0,
          "type": "text",
          "value": "",
        },
        "ref": [Function],
        "rendered": null,
        "type": "input",
      },
      "",
    ],
    "type": "div",
  },
  Symbol(enzyme.__nodes__): Array [
    Object {
      "instance": null,
      "key": undefined,
      "nodeType": "host",
      "props": Object {
        "children": Array [
          <Label
            className="cui-label"
            htmlFor="1"
            label="test"
            theme=""
          />,
          <input
            className="cui-input"
            disabled={false}
            id="1"
            name="test"
            onBlur={[Function]}
            onChange={[Function]}
            onFocus={[Function]}
            onKeyDown={[Function]}
            onMouseDown={[Function]}
            placeholder=""
            readOnly={false}
            tabIndex={0}
            type="text"
            value=""
          />,
          "",
          Array [],
        ],
        "className": "cui-input-group ",
      },
      "ref": null,
      "rendered": Array [
        Object {
          "instance": null,
          "key": undefined,
          "nodeType": "function",
          "props": Object {
            "className": "cui-label",
            "htmlFor": "1",
            "label": "test",
            "theme": "",
          },
          "ref": null,
          "rendered": null,
          "type": [Function],
        },
        Object {
          "instance": null,
          "key": undefined,
          "nodeType": "host",
          "props": Object {
            "className": "cui-input",
            "disabled": false,
            "id": "1",
            "name": "test",
            "onBlur": [Function],
            "onChange": [Function],
            "onFocus": [Function],
            "onKeyDown": [Function],
            "onMouseDown": [Function],
            "placeholder": "",
            "readOnly": false,
            "tabIndex": 0,
            "type": "text",
            "value": "",
          },
          "ref": [Function],
          "rendered": null,
          "type": "input",
        },
        "",
      ],
      "type": "div",
    },
  ],
  Symbol(enzyme.__options__): Object {
    "adapter": ReactFifteenAdapter {
      "options": Object {
        "lifecycles": Object {
          "componentDidUpdate": Object {
            "prevContext": true,
          },
        },
        "supportPrevContextArgumentOfComponentDidUpdate": true,
      },
    },
  },
}
`;
