// Jest Snapshot v1, https://goo.gl/fbAQLP

exports[`tests for <Month /> should match month SnapShot 1`] = `
ShallowWrapper {
  "length": 1,
  Symbol(enzyme.__root__): [Circular],
  Symbol(enzyme.__unrendered__): <Month
    day={"2018-03-31T18:30:00.000Z"}
  />,
  Symbol(enzyme.__renderer__): Object {
    "batchedUpdates": [Function],
    "getNode": [Function],
    "render": [Function],
    "simulateEvent": [Function],
    "unmount": [Function],
  },
  Symbol(enzyme.__node__): Object {
    "instance": null,
    "key": undefined,
    "nodeType": "host",
    "props": Object {
      "children": Array [
        <Week
          day={"2018-03-31T18:30:00.000Z"}
          month={3}
        />,
        <Week
          day={"2018-04-07T18:30:00.000Z"}
          month={3}
        />,
        <Week
          day={"2018-04-14T18:30:00.000Z"}
          month={3}
        />,
        <Week
          day={"2018-04-21T18:30:00.000Z"}
          month={3}
        />,
        <Week
          day={"2018-04-28T18:30:00.000Z"}
          month={3}
        />,
      ],
      "className": "cui-datepicker__month",
    },
    "ref": null,
    "rendered": Array [
      Object {
        "instance": null,
        "key": "0",
        "nodeType": "class",
        "props": Object {
          "day": "2018-03-31T18:30:00.000Z",
          "month": 3,
        },
        "ref": null,
        "rendered": null,
        "type": [Function],
      },
      Object {
        "instance": null,
        "key": "1",
        "nodeType": "class",
        "props": Object {
          "day": "2018-04-07T18:30:00.000Z",
          "month": 3,
        },
        "ref": null,
        "rendered": null,
        "type": [Function],
      },
      Object {
        "instance": null,
        "key": "2",
        "nodeType": "class",
        "props": Object {
          "day": "2018-04-14T18:30:00.000Z",
          "month": 3,
        },
        "ref": null,
        "rendered": null,
        "type": [Function],
      },
      Object {
        "instance": null,
        "key": "3",
        "nodeType": "class",
        "props": Object {
          "day": "2018-04-21T18:30:00.000Z",
          "month": 3,
        },
        "ref": null,
        "rendered": null,
        "type": [Function],
      },
      Object {
        "instance": null,
        "key": "4",
        "nodeType": "class",
        "props": Object {
          "day": "2018-04-28T18:30:00.000Z",
          "month": 3,
        },
        "ref": null,
        "rendered": null,
        "type": [Function],
      },
    ],
    "type": "div",
  },
  Symbol(enzyme.__nodes__): Array [
    Object {
      "instance": null,
      "key": undefined,
      "nodeType": "host",
      "props": Object {
        "children": Array [
          <Week
            day={"2018-03-31T18:30:00.000Z"}
            month={3}
          />,
          <Week
            day={"2018-04-07T18:30:00.000Z"}
            month={3}
          />,
          <Week
            day={"2018-04-14T18:30:00.000Z"}
            month={3}
          />,
          <Week
            day={"2018-04-21T18:30:00.000Z"}
            month={3}
          />,
          <Week
            day={"2018-04-28T18:30:00.000Z"}
            month={3}
          />,
        ],
        "className": "cui-datepicker__month",
      },
      "ref": null,
      "rendered": Array [
        Object {
          "instance": null,
          "key": "0",
          "nodeType": "class",
          "props": Object {
            "day": "2018-03-31T18:30:00.000Z",
            "month": 3,
          },
          "ref": null,
          "rendered": null,
          "type": [Function],
        },
        Object {
          "instance": null,
          "key": "1",
          "nodeType": "class",
          "props": Object {
            "day": "2018-04-07T18:30:00.000Z",
            "month": 3,
          },
          "ref": null,
          "rendered": null,
          "type": [Function],
        },
        Object {
          "instance": null,
          "key": "2",
          "nodeType": "class",
          "props": Object {
            "day": "2018-04-14T18:30:00.000Z",
            "month": 3,
          },
          "ref": null,
          "rendered": null,
          "type": [Function],
        },
        Object {
          "instance": null,
          "key": "3",
          "nodeType": "class",
          "props": Object {
            "day": "2018-04-21T18:30:00.000Z",
            "month": 3,
          },
          "ref": null,
          "rendered": null,
          "type": [Function],
        },
        Object {
          "instance": null,
          "key": "4",
          "nodeType": "class",
          "props": Object {
            "day": "2018-04-28T18:30:00.000Z",
            "month": 3,
          },
          "ref": null,
          "rendered": null,
          "type": [Function],
        },
      ],
      "type": "div",
    },
  ],
  Symbol(enzyme.__options__): Object {
    "adapter": ReactFifteenAdapter {
      "options": Object {
        "supportPrevContextArgumentOfComponentDidUpdate": true,
      },
    },
  },
}
`;
