// Jest Snapshot v1, https://goo.gl/fbAQLP

exports[`tests for <DatePickerDay /> should match selected day SnapShot 1`] = `
ShallowWrapper {
  "length": 1,
  Symbol(enzyme.__root__): [Circular],
  Symbol(enzyme.__unrendered__): <DatePickerDay
    day={"2018-04-20T18:30:00.000Z"}
    month={3}
    selected={"2018-04-20T18:30:00.000Z"}
  />,
  Symbol(enzyme.__renderer__): Object {
    "batchedUpdates": [Function],
    "getNode": [Function],
    "render": [Function],
    "simulateEvent": [Function],
    "unmount": [Function],
  },
  Symbol(enzyme.__node__): Object {
    "instance": null,
    "key": undefined,
    "nodeType": "class",
    "props": Object {
      "active": false,
      "aria-selected": false,
      "ariaLabel": "21",
      "ariaLabelledBy": "",
      "children": 21,
      "circle": true,
      "className": "cui-datepicker__day",
      "color": "",
      "containerLarge": false,
      "disabled": false,
      "expand": false,
      "href": "",
      "index": null,
      "label": "",
      "large": false,
      "loading": false,
      "onClick": [Function],
      "size": 28,
      "style": Object {},
      "tabIndex": -1,
      "tag": "button",
      "type": "button",
    },
    "ref": null,
    "rendered": 21,
    "type": [Function],
  },
  Symbol(enzyme.__nodes__): Array [
    Object {
      "instance": null,
      "key": undefined,
      "nodeType": "class",
      "props": Object {
        "active": false,
        "aria-selected": false,
        "ariaLabel": "21",
        "ariaLabelledBy": "",
        "children": 21,
        "circle": true,
        "className": "cui-datepicker__day",
        "color": "",
        "containerLarge": false,
        "disabled": false,
        "expand": false,
        "href": "",
        "index": null,
        "label": "",
        "large": false,
        "loading": false,
        "onClick": [Function],
        "size": 28,
        "style": Object {},
        "tabIndex": -1,
        "tag": "button",
        "type": "button",
      },
      "ref": null,
      "rendered": 21,
      "type": [Function],
    },
  ],
  Symbol(enzyme.__options__): Object {
    "adapter": ReactFifteenAdapter {
      "options": Object {
        "supportPrevContextArgumentOfComponentDidUpdate": true,
      },
    },
  },
}
`;
