// Jest Snapshot v1, https://goo.gl/fbAQLP

exports[`tests for <SpaceListMeeting /> should match SnapShot 1`] = `
ShallowWrapper {
  "length": 1,
  Symbol(enzyme.__root__): [Circular],
  Symbol(enzyme.__unrendered__): <SpaceListMeeting
    attendees={Array []}
    buttonLabel=""
    buttonOnClick={null}
    childrenLeft={null}
    childrenRight={null}
    className=""
    header="header"
    id=""
    subheader=""
  />,
  Symbol(enzyme.__renderer__): Object {
    "batchedUpdates": [Function],
    "getNode": [Function],
    "render": [Function],
    "simulateEvent": [Function],
    "unmount": [Function],
  },
  Symbol(enzyme.__node__): Object {
    "instance": null,
    "key": undefined,
    "nodeType": "class",
    "props": Object {
      "active": false,
      "children": Array [
        <ListItemSection
          className=""
          position="left"
        >
          <Avatar
            alt="header"
            backgroundColor=""
            className={null}
            color=""
            failureBadge={false}
            hideDefaultTooltip={false}
            icon={null}
            isOverview={false}
            size="medium"
            src={null}
            title="header"
            type=""
          />
        </ListItemSection>,
        <ListItemSection
          className=""
          position="center"
        >
          <div
            className="cui-list-item__header"
          >
            header
          </div>
          <div
            className="cui-list-item__subheader"
          >
            
          </div>
        </ListItemSection>,
        <ListItemSection
          className=""
          position="right"
        >
          
        </ListItemSection>,
      ],
      "className": "cui-list-item--space-meeting",
      "customAnchorNode": null,
      "customRefProp": "",
      "disabled": false,
      "focus": false,
      "id": "",
      "label": "",
      "link": "",
      "onClick": null,
      "onKeyDown": null,
      "refName": "navLink",
      "role": "listItem",
      "type": "space",
      "value": "",
    },
    "ref": null,
    "rendered": Array [
      Object {
        "instance": null,
        "key": "child-0",
        "nodeType": "function",
        "props": Object {
          "children": <Avatar
            alt="header"
            backgroundColor=""
            className={null}
            color=""
            failureBadge={false}
            hideDefaultTooltip={false}
            icon={null}
            isOverview={false}
            size="medium"
            src={null}
            title="header"
            type=""
          />,
          "className": "",
          "position": "left",
        },
        "ref": null,
        "rendered": Object {
          "instance": null,
          "key": undefined,
          "nodeType": "class",
          "props": Object {
            "alt": "header",
            "backgroundColor": "",
            "className": null,
            "color": "",
            "failureBadge": false,
            "hideDefaultTooltip": false,
            "icon": null,
            "isOverview": false,
            "size": "medium",
            "src": null,
            "title": "header",
            "type": "",
          },
          "ref": null,
          "rendered": null,
          "type": [Function],
        },
        "type": [Function],
      },
      Object {
        "instance": null,
        "key": "child-1",
        "nodeType": "function",
        "props": Object {
          "children": Array [
            <div
              className="cui-list-item__header"
            >
              header
            </div>,
            <div
              className="cui-list-item__subheader"
            >
              
            </div>,
          ],
          "className": "",
          "position": "center",
        },
        "ref": null,
        "rendered": Array [
          Object {
            "instance": null,
            "key": undefined,
            "nodeType": "host",
            "props": Object {
              "children": "header",
              "className": "cui-list-item__header",
            },
            "ref": null,
            "rendered": "header",
            "type": "div",
          },
          Object {
            "instance": null,
            "key": undefined,
            "nodeType": "host",
            "props": Object {
              "children": "",
              "className": "cui-list-item__subheader",
            },
            "ref": null,
            "rendered": "",
            "type": "div",
          },
        ],
        "type": [Function],
      },
      Object {
        "instance": null,
        "key": "child-2",
        "nodeType": "function",
        "props": Object {
          "children": Array [
            false,
            "",
          ],
          "className": "",
          "position": "right",
        },
        "ref": null,
        "rendered": Array [
          false,
          "",
        ],
        "type": [Function],
      },
    ],
    "type": [Function],
  },
  Symbol(enzyme.__nodes__): Array [
    Object {
      "instance": null,
      "key": undefined,
      "nodeType": "class",
      "props": Object {
        "active": false,
        "children": Array [
          <ListItemSection
            className=""
            position="left"
          >
            <Avatar
              alt="header"
              backgroundColor=""
              className={null}
              color=""
              failureBadge={false}
              hideDefaultTooltip={false}
              icon={null}
              isOverview={false}
              size="medium"
              src={null}
              title="header"
              type=""
            />
          </ListItemSection>,
          <ListItemSection
            className=""
            position="center"
          >
            <div
              className="cui-list-item__header"
            >
              header
            </div>
            <div
              className="cui-list-item__subheader"
            >
              
            </div>
          </ListItemSection>,
          <ListItemSection
            className=""
            position="right"
          >
            
          </ListItemSection>,
        ],
        "className": "cui-list-item--space-meeting",
        "customAnchorNode": null,
        "customRefProp": "",
        "disabled": false,
        "focus": false,
        "id": "",
        "label": "",
        "link": "",
        "onClick": null,
        "onKeyDown": null,
        "refName": "navLink",
        "role": "listItem",
        "type": "space",
        "value": "",
      },
      "ref": null,
      "rendered": Array [
        Object {
          "instance": null,
          "key": "child-0",
          "nodeType": "function",
          "props": Object {
            "children": <Avatar
              alt="header"
              backgroundColor=""
              className={null}
              color=""
              failureBadge={false}
              hideDefaultTooltip={false}
              icon={null}
              isOverview={false}
              size="medium"
              src={null}
              title="header"
              type=""
            />,
            "className": "",
            "position": "left",
          },
          "ref": null,
          "rendered": Object {
            "instance": null,
            "key": undefined,
            "nodeType": "class",
            "props": Object {
              "alt": "header",
              "backgroundColor": "",
              "className": null,
              "color": "",
              "failureBadge": false,
              "hideDefaultTooltip": false,
              "icon": null,
              "isOverview": false,
              "size": "medium",
              "src": null,
              "title": "header",
              "type": "",
            },
            "ref": null,
            "rendered": null,
            "type": [Function],
          },
          "type": [Function],
        },
        Object {
          "instance": null,
          "key": "child-1",
          "nodeType": "function",
          "props": Object {
            "children": Array [
              <div
                className="cui-list-item__header"
              >
                header
              </div>,
              <div
                className="cui-list-item__subheader"
              >
                
              </div>,
            ],
            "className": "",
            "position": "center",
          },
          "ref": null,
          "rendered": Array [
            Object {
              "instance": null,
              "key": undefined,
              "nodeType": "host",
              "props": Object {
                "children": "header",
                "className": "cui-list-item__header",
              },
              "ref": null,
              "rendered": "header",
              "type": "div",
            },
            Object {
              "instance": null,
              "key": undefined,
              "nodeType": "host",
              "props": Object {
                "children": "",
                "className": "cui-list-item__subheader",
              },
              "ref": null,
              "rendered": "",
              "type": "div",
            },
          ],
          "type": [Function],
        },
        Object {
          "instance": null,
          "key": "child-2",
          "nodeType": "function",
          "props": Object {
            "children": Array [
              false,
              "",
            ],
            "className": "",
            "position": "right",
          },
          "ref": null,
          "rendered": Array [
            false,
            "",
          ],
          "type": [Function],
        },
      ],
      "type": [Function],
    },
  ],
  Symbol(enzyme.__options__): Object {
    "adapter": ReactFifteenAdapter {
      "options": Object {
        "supportPrevContextArgumentOfComponentDidUpdate": true,
      },
    },
  },
}
`;
