// Jest Snapshot v1, https://goo.gl/fbAQLP

exports[`tests for <AccordionGroup /> should match SnapShot 1`] = `
ShallowWrapper {
  "length": 1,
  Symbol(enzyme.__root__): [Circular],
  Symbol(enzyme.__unrendered__): <AccordionGroup
    className=""
    disabled={false}
    focus={false}
    isExpanded={false}
    onClick={null}
    onKeyDown={null}
    showSeparator={true}
  >
    <AccordionHeader
      className=""
      disabled={false}
      focus={false}
      showSeparator={true}
    />
    <AccordionContent
      className=""
    />
  </AccordionGroup>,
  Symbol(enzyme.__renderer__): Object {
    "batchedUpdates": [Function],
    "getNode": [Function],
    "render": [Function],
    "simulateEvent": [Function],
    "unmount": [Function],
  },
  Symbol(enzyme.__node__): Object {
    "instance": null,
    "key": undefined,
    "nodeType": "host",
    "props": Object {
      "aria-expanded": false,
      "children": Array [
        <AccordionHeader
          className=""
          disabled={false}
          focus={false}
          showSeparator={true}
        />,
        <AccordionContent
          className=""
          disabled={false}
          focus={false}
          showSeparator={true}
        />,
      ],
      "className": "cui-accordion__group",
    },
    "ref": null,
    "rendered": Array [
      Object {
        "instance": null,
        "key": ".0",
        "nodeType": "class",
        "props": Object {
          "children": null,
          "className": "",
          "disabled": false,
          "focus": false,
          "showSeparator": true,
        },
        "ref": null,
        "rendered": null,
        "type": [Function],
      },
      Object {
        "instance": null,
        "key": ".1",
        "nodeType": "function",
        "props": Object {
          "children": null,
          "className": "",
          "disabled": false,
          "focus": false,
          "showSeparator": true,
        },
        "ref": null,
        "rendered": null,
        "type": [Function],
      },
    ],
    "type": "div",
  },
  Symbol(enzyme.__nodes__): Array [
    Object {
      "instance": null,
      "key": undefined,
      "nodeType": "host",
      "props": Object {
        "aria-expanded": false,
        "children": Array [
          <AccordionHeader
            className=""
            disabled={false}
            focus={false}
            showSeparator={true}
          />,
          <AccordionContent
            className=""
            disabled={false}
            focus={false}
            showSeparator={true}
          />,
        ],
        "className": "cui-accordion__group",
      },
      "ref": null,
      "rendered": Array [
        Object {
          "instance": null,
          "key": ".0",
          "nodeType": "class",
          "props": Object {
            "children": null,
            "className": "",
            "disabled": false,
            "focus": false,
            "showSeparator": true,
          },
          "ref": null,
          "rendered": null,
          "type": [Function],
        },
        Object {
          "instance": null,
          "key": ".1",
          "nodeType": "function",
          "props": Object {
            "children": null,
            "className": "",
            "disabled": false,
            "focus": false,
            "showSeparator": true,
          },
          "ref": null,
          "rendered": null,
          "type": [Function],
        },
      ],
      "type": "div",
    },
  ],
  Symbol(enzyme.__options__): Object {
    "adapter": ReactFifteenAdapter {
      "options": Object {
        "supportPrevContextArgumentOfComponentDidUpdate": true,
      },
    },
  },
}
`;
