// Jest Snapshot v1, https://goo.gl/fbAQLP

exports[`tests for <AccordionHeader /> should match SnapShot 1`] = `
ShallowWrapper {
  "length": 1,
  Symbol(enzyme.__root__): [Circular],
  Symbol(enzyme.__unrendered__): <AccordionHeader
    className=""
    disabled={false}
    focus={false}
    showSeparator={true}
  />,
  Symbol(enzyme.__renderer__): Object {
    "batchedUpdates": [Function],
    "getNode": [Function],
    "render": [Function],
    "simulateEvent": [Function],
    "unmount": [Function],
  },
  Symbol(enzyme.__node__): Object {
    "instance": null,
    "key": undefined,
    "nodeType": "host",
    "props": Object {
      "children": Array [
        null,
        <span
          className="cui-accordion__header-icon"
        />,
      ],
      "className": "cui-accordion__header cui-accordion__header--separator",
      "onClick": undefined,
      "onKeyDown": undefined,
      "role": "button",
      "tabIndex": 0,
    },
    "ref": [Function],
    "rendered": Array [
      null,
      Object {
        "instance": null,
        "key": undefined,
        "nodeType": "host",
        "props": Object {
          "className": "cui-accordion__header-icon",
        },
        "ref": null,
        "rendered": null,
        "type": "span",
      },
    ],
    "type": "div",
  },
  Symbol(enzyme.__nodes__): Array [
    Object {
      "instance": null,
      "key": undefined,
      "nodeType": "host",
      "props": Object {
        "children": Array [
          null,
          <span
            className="cui-accordion__header-icon"
          />,
        ],
        "className": "cui-accordion__header cui-accordion__header--separator",
        "onClick": undefined,
        "onKeyDown": undefined,
        "role": "button",
        "tabIndex": 0,
      },
      "ref": [Function],
      "rendered": Array [
        null,
        Object {
          "instance": null,
          "key": undefined,
          "nodeType": "host",
          "props": Object {
            "className": "cui-accordion__header-icon",
          },
          "ref": null,
          "rendered": null,
          "type": "span",
        },
      ],
      "type": "div",
    },
  ],
  Symbol(enzyme.__options__): Object {
    "adapter": ReactFifteenAdapter {
      "options": Object {
        "supportPrevContextArgumentOfComponentDidUpdate": true,
      },
    },
  },
}
`;
