// Jest Snapshot v1, https://goo.gl/fbAQLP

exports[`tests for <ListItem /> should match SnapShot 1`] = `
ShallowWrapper {
  "length": 1,
  Symbol(enzyme.__root__): [Circular],
  Symbol(enzyme.__unrendered__): <ListItem
    active={false}
    className=""
    customAnchorNode={null}
    customRefProp=""
    disabled={false}
    focus={false}
    id={null}
    itemIndex={null}
    label=""
    link=""
    onClick={null}
    onKeyDown={null}
    refName="navLink"
    role="listItem"
    separator={false}
    type=""
    value=""
  />,
  Symbol(enzyme.__renderer__): Object {
    "batchedUpdates": [Function],
    "getNode": [Function],
    "render": [Function],
    "simulateEvent": [Function],
    "unmount": [Function],
  },
  Symbol(enzyme.__node__): Object {
    "instance": null,
    "key": undefined,
    "nodeType": "host",
    "props": Object {
      "aria-current": false,
      "children": "",
      "className": "cui-list-item",
      "id": "cui-list-item-1",
      "onClick": [Function],
      "onKeyDown": [Function],
      "role": "listItem",
      "tabIndex": -1,
    },
    "ref": [Function],
    "rendered": "",
    "type": "div",
  },
  Symbol(enzyme.__nodes__): Array [
    Object {
      "instance": null,
      "key": undefined,
      "nodeType": "host",
      "props": Object {
        "aria-current": false,
        "children": "",
        "className": "cui-list-item",
        "id": "cui-list-item-1",
        "onClick": [Function],
        "onKeyDown": [Function],
        "role": "listItem",
        "tabIndex": -1,
      },
      "ref": [Function],
      "rendered": "",
      "type": "div",
    },
  ],
  Symbol(enzyme.__options__): Object {
    "adapter": ReactFifteenAdapter {
      "options": Object {
        "supportPrevContextArgumentOfComponentDidUpdate": true,
      },
    },
    "disableLifecycleMethods": true,
  },
}
`;
